// Jest Snapshot v1, https://goo.gl/fbAQLP

exports[`something renders 1`] = `
<DocumentFragment>
  Hello
</DocumentFragment>
`;
